ec2-user:~/environment $ git clone https://github.com/sonawanesangram/DevOpsTraining.git
Cloning into 'DevOpsTraining'...
remote: Counting objects: 3, done.
remote: Total 3 (delta 0), reused 0 (delta 0), pack-reused 0
Unpacking objects: 100% (3/3), done.
ec2-user:~/environment $ ls -la
total 20
drwxr-xr-x 4 ec2-user ec2-user 4096 May 14 10:33 .
drwx------ 8 ec2-user ec2-user 4096 May 14 10:33 ..
drwxr-xr-x 3 ec2-user ec2-user 4096 May 14 10:01 .c9
drwxrwxr-x 3 ec2-user ec2-user 4096 May 14 10:33 DevOpsTraining
-rw-r--r-- 1 ec2-user ec2-user  570 May 14 10:01 README.md
ec2-user:~/environment $ cd devopstraining
bash: cd: devopstraining: No such file or directory
ec2-user:~/environment $ cd DevOpsTraining
ec2-user:~/environment/DevOpsTraining (master) $ ls -la
total 16
drwxrwxr-x 3 ec2-user ec2-user 4096 May 14 10:33 .
drwxr-xr-x 4 ec2-user ec2-user 4096 May 14 10:33 ..
drwxrwxr-x 8 ec2-user ec2-user 4096 May 14 10:33 .git
-rw-rw-r-- 1 ec2-user ec2-user   43 May 14 10:33 README.md
ec2-user:~/environment/DevOpsTraining (master) $ git status
On branch master
Your branch is up-to-date with 'origin/master'.
Untracked files:
  (use "git add <file>..." to include in what will be committed)


nothing added to commit but untracked files present (use "git add" to track)
ec2-user:~/environment/DevOpsTraining (master) $ git add index.html
ec2-user:~/environment/DevOpsTraining (master) $ git status
On branch master
Your branch is up-to-date with 'origin/master'.
Changes to be committed:
  (use "git reset HEAD <file>..." to unstage)

        new file:   index.html

ec2-user:~/environment/DevOpsTraining (master) $ git ad *
git: 'ad' is not a git command. See 'git --help'.

The most similar commands are
        add
        am
ec2-user:~/environment/DevOpsTraining (master) $ git add *
ec2-user:~/environment/DevOpsTraining (master) $ git status                                                                                                      
On branch master
Your branch is up-to-date with 'origin/master'.
Changes to be committed:
  (use "git reset HEAD <file>..." to unstage)

        new file:   index.html

ec2-user:~/environment/DevOpsTraining (master) $ git commit
Aborting commit due to empty commit message.
ec2-user:~/environment/DevOpsTraining (master) $ git commit -m DevOpsTest
[master 235f04f] DevOpsTest
 Committer: EC2 Default User <ec2-user@ip-10-0-0-161.ec2.internal>
Your name and email address were configured automatically based
on your username and hostname. Please check that they are accurate.
You can suppress this message by setting them explicitly:

    git config --global user.name "Your Name"
    git config --global user.email you@example.com

After doing this, you may fix the identity used for this commit with:

    git commit --amend --reset-author

 1 file changed, 0 insertions(+), 0 deletions(-)
 create mode 100644 index.html
ec2-user:~/environment/DevOpsTraining (master) $ git status
On branch master
Your branch is ahead of 'origin/master' by 1 commit.
  (use "git push" to publish your local commits)
nothing to commit, working tree clean
ec2-user:~/environment/DevOpsTraining (master) $ git status
On branch master
Your branch is ahead of 'origin/master' by 1 commit.
  (use "git push" to publish your local commits)
nothing to commit, working tree clean
ec2-user:~/environment/DevOpsTraining (master) $ git status
On branch master
Your branch is ahead of 'origin/master' by 1 commit.
  (use "git push" to publish your local commits)
nothing to commit, working tree clean
ec2-user:~/environment/DevOpsTraining (master) $ git status
On branch master
Your branch is ahead of 'origin/master' by 1 commit.
  (use "git push" to publish your local commits)
Changes not staged for commit:
  (use "git add <file>..." to update what will be committed)
  (use "git checkout -- <file>..." to discard changes in working directory)

        modified:   index.html

no changes added to commit (use "git add" and/or "git commit -a")
ec2-user:~/environment/DevOpsTraining (master) $ git add *
ec2-user:~/environment/DevOpsTraining (master) $ git commit -m MySecondCommit
[master 5442974] MySecondCommit
 Committer: EC2 Default User <ec2-user@ip-10-0-0-161.ec2.internal>
Your name and email address were configured automatically based
on your username and hostname. Please check that they are accurate.
You can suppress this message by setting them explicitly:

    git config --global user.name "Your Name"
    git config --global user.email you@example.com

After doing this, you may fix the identity used for this commit with:

    git commit --amend --reset-author

 1 file changed, 3 insertions(+)
ec2-user:~/environment/DevOpsTraining (master) $ 